可以通过如下命令查看系统内存信息：

```shell
$ cat /proc/meminfo
MemTotal:       263753224 kB
MemFree:        34224052 kB
MemAvailable:   260168032 kB
Buffers:        19536360 kB
Cached:         180842552 kB
SwapCached:         6740 kB
Active:         134937928 kB
Inactive:       65638312 kB
Active(anon):     106396 kB
Inactive(anon):   154892 kB
Active(file):   134831532 kB
Inactive(file): 65483420 kB
Unevictable:        3632 kB
Mlocked:            3652 kB
SwapTotal:      250000380 kB
SwapFree:       249795836 kB
Dirty:             83244 kB
Writeback:             0 kB
AnonPages:        195256 kB
Mapped:            82088 kB
Shmem:             61556 kB
Slab:           28300484 kB
SReclaimable:   27477740 kB
SUnreclaim:       822744 kB
KernelStack:       13088 kB
PageTables:        13416 kB
NFS_Unstable:          0 kB
Bounce:                0 kB
WritebackTmp:          0 kB
CommitLimit:    381876992 kB
Committed_AS:     989644 kB
VmallocTotal:   34359738367 kB
VmallocUsed:           0 kB
VmallocChunk:          0 kB
HardwareCorrupted:     0 kB
AnonHugePages:         0 kB
ShmemHugePages:        0 kB
ShmemPmdMapped:        0 kB
CmaTotal:              0 kB
CmaFree:               0 kB
HugePages_Total:       0
HugePages_Free:        0
HugePages_Rsvd:        0
HugePages_Surp:        0
Hugepagesize:       2048 kB
DirectMap4k:      640000 kB
DirectMap2M:    89147392 kB
DirectMap1G:    180355072 kB
```

