[toc]

### 1. 创建文件系统

在将数据存储到分区之前，你必须用某种文件系统对其进行格式化，这样 Linux 才能使用它。每种文件系统类型都用自己的命令行程序来格式化分区。

<center><b>创建文件系统的命令行程序</b></center>

| 工具       | 用途                       |
| ---------- | -------------------------- |
| mkefs      | 创建一个 ext 文件系统      |
| mke2fs     | 创建一个 ext2 文件系统     |
| mkfs.ext3  | 创建一个 ext3 文件系统     |
| mkfs.ext4  | 创建一个 ext4 文件系统     |
| mkreiserfs | 创建一个 ReiserFS 文件系统 |
| jfs_mkfs   | 创建一个 JFS 文件系统      |
| mkfs.xfs   | 创建一个 XFS 文件系统      |
| mkfs.zfs   | 创建一个 ZFS 文件系统      |
| mkfs.btrfs | 创建一个 Btrfs 文件系统    |

要想知道某个文件系统工具是否可用，可以使用 `type` 命令：

```shell
$ type mkfs.ext4
mkfs.ext4 是 /sbin/mkfs.ext4
$ type mkfs.btrfs
bash: type: mkfs.btrfs: 未找到
```

所有的文件系统命令都允许通过不带选项的简单命令来创建一个默认的文件系统：

```shell
$ sudo mkfs.ext4 /dev/sdb1 
[sudo] password for Christine:
mke2fs 1. 41. 12 (17- May- 2010)
Filesystem label=
OS type: Linux
Block size= 4096 (log= 2)
Fragment size= 4096 (log= 2)
Stride= 0 blocks, Stripe width= 0 blocks
131648 inodes, 526120 blocks
26306 blocks (5. 00%) reserved for the super user
First data block= 0
Maximum filesystem blocks= 541065216
17 block groups
32768 blocks per group,
32768 fragments per group
7744 inodes per group
Superblock backups stored on blocks:
		32768, 98304, 163840, 229376, 294912

Writing inode tables: done
Creating journal (16384 blocks): done
Writing superblocks and filesystem accounting information: done

This filesystem will be automatically checked every 23 mounts or 180 days, whichever comes first. Use tune2fs -c or -i to override.
$
```

### 2. 挂载分区

为分区创建了文件系统之后，下一步是将它挂载到虚拟目录下的某个挂载点，这样就可以将数据存储在新文件系统中了。

```shell
$ ls /mnt
$
$ sudo mkdir /mnt/my_ partition
$
$ ls -al /mnt/my_ partition/
$
$ ls -dF /mnt/my_ partition
/mnt/my_ partition/
$
$ sudo mount -t ext4/dev/sdb1/mnt/my_ partition
$
$ ls -al /mnt/my_partition/
total 24
drwxr-xr-x . 3 root root 4096 Jun 11 09:53 .
drwxr-xr-x . 3 root root 4096 Jun 11 09:58 ..
drwx------ . 2 root root 16384 Jun 11 09:53 lost+ found
$
```

> 注意：要强制 Linux 在启动时自动挂载新的文件系统，可以将其添加到 `/etc/fstab` 文件。